sortFileSystem: FATs don't match! Please repair file system!
main: Failed to sort file system!
