File system: exFAT.

/
dir1
dir2
dir3
dir4
z
g
u
n
w
e
o
a
c
v

/dir1/
z
g
u
n
w
e
o
a
c
v

/dir2/
z
g
u
n
w
e
o
a
c
v

/dir3/
z
g
u
n
w
e
o
a
c
v

/dir4/
dir5
a
c
e
g
n
o
u
v
w
z

/dir4/dir5/
a
c
e
g
n
o
u
v
w
z

