getClusterChain: Cluster 01111111 does not exist!
sortClusterChain: Failed to get cluster chain!
sortFileSystem: Failed to sort first cluster chain!
main: Failed to sort file system!
