File system: FAT16.

/
dir1
dir2
dir3
dir4
a
c
e
g
n
o
u
v
w
z

/dir1/
a
c
e
g
n
o
u
v
w
z

/dir2/
a
c
e
g
n
o
u
v
w
z

/dir3/
a
c
e
g
n
o
u
v
w
z

/dir4/
dir5
z
g
u
n
w
e
o
a
c
v

/dir4/dir5/
z
g
u
n
w
e
o
a
c
v

