File system: FAT12.

/
ABC
The Beatles
Beat me
Teletubbie
Test
UFO
The Unknown

/ABC/

/The Beatles/

/Beat me/

/Teletubbie/

/Test/
ABC
The Beatles
Beat me
Teletubbie
UFO
The Unknown

/UFO/

/The Unknown/

