openFileSystem: Count of root directory entries must not be zero for FAT1x!
sortFileSystem: Failed to open file system!
main: Failed to sort file system!
