File system: exFAT.

/
dir3
Directory1
directory2
001c
01b
10
1
1a
2
3
4
5
6
7
8
9
a
b
c
d
e
file1.bin
file2.bin
file3.bin
f
g
h
i
j
k
l
Long file name with lots of words and characters just to test long file name entries in FAT file systems
m
n
o
p
q
r
s
t
u
v
w
x
y
z
Ä
Ö
Ü

/dir3/
subDir

/dir3/subDir/

/Directory1/

/directory2/

