File system: exFAT.

/
Directory1
directory2
dir3
a
b
c
d
e
f
g
h
i
j
k
l
m
n
o
p
q
r
s
t
u
v
w
x
y
z
Ä
Ö
Ü
file3.bin
file2.bin
file1.bin
Long file name with lots of words and characters just to test long file name entries in FAT file systems
1
2
3
4
5
6
7
8
9
10
01b
1a
001c

/Directory1/

/directory2/

/dir3/
subDir

/dir3/subDir/

