openFileSystem: 32-bit count of FAT sectors must not be zero for FAT32!
sortFileSystem: Failed to open file system!
main: Failed to sort file system!
