openFileSystem: Count of total sectors must not be zero!
sortFileSystem: Failed to open file system!
main: Failed to sort file system!
