File system: FAT32.

/
directory2
Directory1
dir3
z
y
x
w
v
Ü
u
t
s
r
q
p
Ö
o
n
m
Long file name with lots of words and characters just to test long file name entries in FAT file systems
l
k
j
i
h
g
file3.bin
file2.bin
file1.bin
f
e
d
c
b
Ä
a
9
8
7
6
5
4
3
2
1a
10
1
01b
001c

/directory2/

/Directory1/

/dir3/
subDir

/dir3/subDir/

