File system: FAT32.

Sorting directory /
Directory reordered. Writing changes.
Sorting directory /dir3/
Sorting directory /dir3/subDir/
Sorting directory /Directory1/
Sorting directory /directory2/
