checkLongDirEntries: LongDirEntry number is 0x5 (0x5) but should be 0x3!
parseFat1xRootDirEntries: checkDirEntry failed at root directory entry 5!
sortFat1xRootDirectory: Failed to parse root directory entries!
sortFileSystem: Failed to sort FAT16 root directory!
main: Failed to sort file system!
