File system: FAT12.

Sorting directory /dir3/subDir/
Sorting directory /Directory1/
