File system: FAT16.

/
𩸽
𩸽𩸽𩸽𩸽𩸽𩸽𩸽𩸽𩸽𩸽𩸽𩸽𩸽𩸽𩸽
𩸽𩸽𩸽𩸽𩸽𩸽𩸽𩸽𩸽𩸽𩸽𩸽𩸽𩸽𩸽𩸽𩸽𩸽𩸽𩸽𩸽𩸽𩸽𩸽𩸽𩸽𩸽𩸽𩸽𩸽
𩸽,
07. 愛を伝えたいだとか.m4a
𩸽𩸽𩸽𩸽𩸽𩸽𩸽𩸽𩸽𩸽𩸽𩸽𩸽𩸽𩸽𩸽𩸽𩸽𩸽𩸽𩸽𩸽𩸽𩸽𩸽𩸽𩸽𩸽𩸽𩸽𩸽𩸽𩸽𩸽𩸽𩸽𩸽𩸽𩸽𩸽𩸽𩸽𩸽𩸽𩸽𩸽𩸽𩸽𩸽𩸽𩸽𩸽𩸽𩸽𩸽𩸽𩸽𩸽𩸽𩸽𩸽𩸽𩸽𩸽𩸽𩸽𩸽𩸽𩸽𩸽𩸽𩸽𩸽𩸽𩸽𩸽𩸽𩸽𩸽𩸽𩸽𩸽𩸽𩸽𩸽𩸽𩸽𩸽𩸽𩸽𩸽𩸽𩸽𩸽𩸽𩸽𩸽𩸽𩸽𩸽𩸽𩸽𩸽𩸽𩸽𩸽𩸽𩸽𩸽𩸽𩸽𩸽𩸽𩸽𩸽𩸽𩸽𩸽𩸽𩸽𩸽𩸽𩸽𩸽𩸽𩸽𩸽A
か

