File system: FAT32.

Sorting directory /A/
Sorting directory /A/A/
Sorting directory /A/C/
Sorting directory /D/
