parseClusterChain: Filename length exceeds 255 characters (260 characters)!
sortClusterChain: Failed to parse cluster chain!
sortFileSystem: Failed to sort first cluster chain!
main: Failed to sort file system!
