	- File system information -
Device:					/tmp/fatsort-tc_pos_print_fs_info_fat32-fs.img
Type:					FAT32
Sector size:				512 bytes
FAT size:				758 sectors (388096 bytes)
Number of FATs:				2 
Cluster size:				1024 bytes
Max. cluster chain length:		4194303 clusters
Data clusters (total / used / bad):	96882 / 13 / 4
FS size:				94.61 MiBytes
FAT32 root first cluster:		0x2
First cluster data offset:		0xc1800
First cluster FAT entry:		0x7
