File system: FAT32.

/
0abcdfgh
0defgh
0zgrth
01forejgoiregiog
1ihihu
001rieortert
002iiewfref
2oijoj
02oirjfoirejg
003rgrgegeg
3trgtrgrtgrtgr
03zthrrtr
4gtrjgr
004nnbrferf
04rrtdsefi
005abc00006aaa
05abc6abc
5abc06defg
05eeeeirg
5grtgrtg
005wiiewfe
6htzhzt
06mvdvvfvd
006ootot
7jztjztj
07oeweff
007zttt
8fesfnffre
08xmcncew
9arefawiufneirg
009qqeqeun
09reiregerg
00822eeewr

