openFileSystem: 16-bit count of FAT sectors must not be zero for FAT1x!
sortFileSystem: Failed to open file system!
main: Failed to sort file system!
