File system: exFAT.

/
firstdir
first
second
last

/firstdir/

