File system: FAT16.

/
dir_ABC2
dir_Abc1
dir_abc3
ABC1
Abc2
abc3

/dir_ABC2/

/dir_Abc1/

/dir_abc3/

