File system: FAT32.

/
001c
01b
1
10
1a
2
3
4
5
6
7
8
9
a
Ä
b
c
d
dir3
Directory1
directory2
e
f
file1.bin
file2.bin
file3.bin
g
h
i
j
k
l
Long file name with lots of words and characters just to test long file name entries in FAT file systems
m
n
o
Ö
p
q
r
s
t
u
Ü
v
w
x
y
z

/dir3/
subDir

/dir3/subDir/

/Directory1/

/directory2/

