File system: FAT32.

/
firstdir
first
second
last

/firstdir/

