openFileSystem: Count of root directory entries must be zero for FAT32 (32)!
sortFileSystem: Failed to open file system!
main: Failed to sort file system!
